---
source: crates/pipeline-tests/tests/runner.rs
expression: parse_snap
---
id: tests/snippets/reference/declaration/declaration.qasm
expect-parse: Ok
--- parser ---
ok: true
panicked: false
errors: 0
--- ast ---
SOURCE_FILE@0..576: 
// beware the tab character in dur4 = 8 ns below
  int[10] x;
  int[10] y;
  uint[32] z1 = 0xFa_1F;
  uint[32] z2 = 0XFa_1F;
  uint[16] z3 = 0o12_34;
  uint[16] z4 = 0b1001_1001;
  uint[16] z5 = 0B1001_1001;
  uint x2;
  qubit[6] q1;
  qubit q2;
  bit[4] b1="0100";
  bit[8] b2="1001_0100";
  bit[1] b3 = "1";
  bool m=true;
  bool n=bool(b2);
  bool o=false;
  const float[64] c = 5.5e3;
  const float[64] d=5;
  float[32] f = .1e+3;
  duration dur = 1000dt;
  duration dur2 = dur + 200ns;
  duration dur3 = 10 ms;
  duration dur4 = 8	us;
  duration dur5 = 1s;
  stretch s;

CLASSICAL_DECLARATION_STMT@52..62: int[10] x;
SCALAR_TYPE@52..59: int[10]
DESIGNATOR@55..59: [10]
LITERAL@56..58: 10
NAME@60..61: x
CLASSICAL_DECLARATION_STMT@65..75: int[10] y;
SCALAR_TYPE@65..72: int[10]
DESIGNATOR@68..72: [10]
LITERAL@69..71: 10
NAME@73..74: y
CLASSICAL_DECLARATION_STMT@78..100: uint[32] z1 = 0xFa_1F;
SCALAR_TYPE@78..86: uint[32]
DESIGNATOR@82..86: [32]
LITERAL@83..85: 32
NAME@87..89: z1
LITERAL@92..99: 0xFa_1F
CLASSICAL_DECLARATION_STMT@103..125: uint[32] z2 = 0XFa_1F;
SCALAR_TYPE@103..111: uint[32]
DESIGNATOR@107..111: [32]
LITERAL@108..110: 32
NAME@112..114: z2
LITERAL@117..124: 0XFa_1F
CLASSICAL_DECLARATION_STMT@128..150: uint[16] z3 = 0o12_34;
SCALAR_TYPE@128..136: uint[16]
DESIGNATOR@132..136: [16]
LITERAL@133..135: 16
NAME@137..139: z3
LITERAL@142..149: 0o12_34
CLASSICAL_DECLARATION_STMT@153..179: uint[16] z4 = 0b1001_1001;
SCALAR_TYPE@153..161: uint[16]
DESIGNATOR@157..161: [16]
LITERAL@158..160: 16
NAME@162..164: z4
LITERAL@167..178: 0b1001_1001
CLASSICAL_DECLARATION_STMT@182..208: uint[16] z5 = 0B1001_1001;
SCALAR_TYPE@182..190: uint[16]
DESIGNATOR@186..190: [16]
LITERAL@187..189: 16
NAME@191..193: z5
LITERAL@196..207: 0B1001_1001
CLASSICAL_DECLARATION_STMT@211..219: uint x2;
SCALAR_TYPE@211..215: uint
NAME@216..218: x2
QUANTUM_DECLARATION_STMT@222..234: qubit[6] q1;
QUBIT_TYPE@222..230: qubit[6]
DESIGNATOR@227..230: [6]
LITERAL@228..229: 6
NAME@231..233: q1
QUANTUM_DECLARATION_STMT@237..246: qubit q2;
QUBIT_TYPE@237..242: qubit
NAME@243..245: q2
CLASSICAL_DECLARATION_STMT@249..266: bit[4] b1="0100";
SCALAR_TYPE@249..255: bit[4]
DESIGNATOR@252..255: [4]
LITERAL@253..254: 4
NAME@256..258: b1
LITERAL@259..265: "0100"
CLASSICAL_DECLARATION_STMT@269..291: bit[8] b2="1001_0100";
SCALAR_TYPE@269..275: bit[8]
DESIGNATOR@272..275: [8]
LITERAL@273..274: 8
NAME@276..278: b2
LITERAL@279..290: "1001_0100"
CLASSICAL_DECLARATION_STMT@294..310: bit[1] b3 = "1";
SCALAR_TYPE@294..300: bit[1]
DESIGNATOR@297..300: [1]
LITERAL@298..299: 1
NAME@301..303: b3
LITERAL@306..309: "1"
CLASSICAL_DECLARATION_STMT@313..325: bool m=true;
SCALAR_TYPE@313..317: bool
NAME@318..319: m
LITERAL@320..324: true
CLASSICAL_DECLARATION_STMT@328..344: bool n=bool(b2);
SCALAR_TYPE@328..332: bool
NAME@333..334: n
CAST_EXPR@335..343: bool(b2)
SCALAR_TYPE@335..339: bool
IDENTIFIER@340..342: b2
CLASSICAL_DECLARATION_STMT@347..360: bool o=false;
SCALAR_TYPE@347..351: bool
NAME@352..353: o
LITERAL@354..359: false
CLASSICAL_DECLARATION_STMT@363..389: const float[64] c = 5.5e3;
SCALAR_TYPE@369..378: float[64]
DESIGNATOR@374..378: [64]
LITERAL@375..377: 64
NAME@379..380: c
LITERAL@383..388: 5.5e3
CLASSICAL_DECLARATION_STMT@392..412: const float[64] d=5;
SCALAR_TYPE@398..407: float[64]
DESIGNATOR@403..407: [64]
LITERAL@404..406: 64
NAME@408..409: d
LITERAL@410..411: 5
CLASSICAL_DECLARATION_STMT@415..435: float[32] f = .1e+3;
SCALAR_TYPE@415..424: float[32]
DESIGNATOR@420..424: [32]
LITERAL@421..423: 32
NAME@425..426: f
LITERAL@429..434: .1e+3
CLASSICAL_DECLARATION_STMT@438..460: duration dur = 1000dt;
SCALAR_TYPE@438..446: duration
NAME@447..450: dur
TIMING_LITERAL@453..459: 1000dt
LITERAL@453..457: 1000
IDENTIFIER@457..459: dt
CLASSICAL_DECLARATION_STMT@463..491: duration dur2 = dur + 200ns;
SCALAR_TYPE@463..471: duration
NAME@472..476: dur2
BIN_EXPR@479..490: dur + 200ns
IDENTIFIER@479..482: dur
TIMING_LITERAL@485..490: 200ns
LITERAL@485..488: 200
IDENTIFIER@488..490: ns
CLASSICAL_DECLARATION_STMT@494..516: duration dur3 = 10 ms;
SCALAR_TYPE@494..502: duration
NAME@503..507: dur3
TIMING_LITERAL@510..515: 10 ms
LITERAL@510..512: 10
IDENTIFIER@513..515: ms
CLASSICAL_DECLARATION_STMT@519..540: duration dur4 = 8	us;
SCALAR_TYPE@519..527: duration
NAME@528..532: dur4
TIMING_LITERAL@535..539: 8	us
LITERAL@535..536: 8
IDENTIFIER@537..539: us
CLASSICAL_DECLARATION_STMT@543..562: duration dur5 = 1s;
SCALAR_TYPE@543..551: duration
NAME@552..556: dur5
TIMING_LITERAL@559..561: 1s
LITERAL@559..560: 1
IDENTIFIER@560..561: s
CLASSICAL_DECLARATION_STMT@565..575: stretch s;
SCALAR_TYPE@565..572: stretch
NAME@573..574: s
